------------------------------------------------------------
TimeQuest Timing Analyzer Summary
------------------------------------------------------------

Type  : Slow 1200mV 85C Model Setup 'mz80k_top:mz80k_top|clk_count[2]'
Slack : -34.936
TNS   : -9377.424

Type  : Slow 1200mV 85C Model Setup 'pll|altpll_component|auto_generated|pll1|clk[0]'
Slack : -32.140
TNS   : -3694.987

Type  : Slow 1200mV 85C Model Setup 'mz80k_top:mz80k_top|CLK_2M'
Slack : -7.401
TNS   : -121.075

Type  : Slow 1200mV 85C Model Setup 'SPI_SCK'
Slack : -7.006
TNS   : -594.451

Type  : Slow 1200mV 85C Model Setup 'mz80k_top:mz80k_top|CLK_31250'
Slack : -6.618
TNS   : -110.932

Type  : Slow 1200mV 85C Model Setup 'mz80k_top:mz80k_top|i8253:i8253_1|signal1'
Slack : -4.583
TNS   : -71.203

Type  : Slow 1200mV 85C Model Setup 'mz80k_top:mz80k_top|vga:vga1|counter[0]'
Slack : -2.023
TNS   : -36.640

Type  : Slow 1200mV 85C Model Hold 'mz80k_top:mz80k_top|clk_count[2]'
Slack : -0.877
TNS   : -2.243

Type  : Slow 1200mV 85C Model Hold 'pll|altpll_component|auto_generated|pll1|clk[0]'
Slack : -0.412
TNS   : -1.310

Type  : Slow 1200mV 85C Model Hold 'mz80k_top:mz80k_top|CLK_31250'
Slack : -0.029
TNS   : -0.029

Type  : Slow 1200mV 85C Model Hold 'SPI_SCK'
Slack : 0.449
TNS   : 0.000

Type  : Slow 1200mV 85C Model Hold 'mz80k_top:mz80k_top|CLK_2M'
Slack : 0.453
TNS   : 0.000

Type  : Slow 1200mV 85C Model Hold 'mz80k_top:mz80k_top|i8253:i8253_1|signal1'
Slack : 0.675
TNS   : 0.000

Type  : Slow 1200mV 85C Model Hold 'mz80k_top:mz80k_top|vga:vga1|counter[0]'
Slack : 0.735
TNS   : 0.000

Type  : Slow 1200mV 85C Model Recovery 'mz80k_top:mz80k_top|clk_count[2]'
Slack : -2.223
TNS   : -153.204

Type  : Slow 1200mV 85C Model Recovery 'pll|altpll_component|auto_generated|pll1|clk[0]'
Slack : 14.024
TNS   : 0.000

Type  : Slow 1200mV 85C Model Removal 'mz80k_top:mz80k_top|clk_count[2]'
Slack : 0.336
TNS   : 0.000

Type  : Slow 1200mV 85C Model Removal 'pll|altpll_component|auto_generated|pll1|clk[0]'
Slack : 4.796
TNS   : 0.000

Type  : Slow 1200mV 85C Model Minimum Pulse Width 'SPI_SCK'
Slack : -3.201
TNS   : -217.003

Type  : Slow 1200mV 85C Model Minimum Pulse Width 'mz80k_top:mz80k_top|clk_count[2]'
Slack : -1.487
TNS   : -486.249

Type  : Slow 1200mV 85C Model Minimum Pulse Width 'mz80k_top:mz80k_top|vga:vga1|counter[0]'
Slack : -1.487
TNS   : -29.740

Type  : Slow 1200mV 85C Model Minimum Pulse Width 'mz80k_top:mz80k_top|CLK_2M'
Slack : -1.487
TNS   : -25.279

Type  : Slow 1200mV 85C Model Minimum Pulse Width 'mz80k_top:mz80k_top|CLK_31250'
Slack : -1.487
TNS   : -25.279

Type  : Slow 1200mV 85C Model Minimum Pulse Width 'mz80k_top:mz80k_top|i8253:i8253_1|signal1'
Slack : -1.487
TNS   : -23.792

Type  : Slow 1200mV 85C Model Minimum Pulse Width 'pll|altpll_component|auto_generated|pll1|clk[0]'
Slack : 9.666
TNS   : 0.000

Type  : Slow 1200mV 85C Model Minimum Pulse Width 'CLOCK_27'
Slack : 18.366
TNS   : 0.000

Type  : Slow 1200mV 0C Model Setup 'mz80k_top:mz80k_top|clk_count[2]'
Slack : -33.231
TNS   : -8921.813

Type  : Slow 1200mV 0C Model Setup 'pll|altpll_component|auto_generated|pll1|clk[0]'
Slack : -30.351
TNS   : -3422.841

Type  : Slow 1200mV 0C Model Setup 'mz80k_top:mz80k_top|CLK_2M'
Slack : -6.888
TNS   : -112.587

Type  : Slow 1200mV 0C Model Setup 'SPI_SCK'
Slack : -6.568
TNS   : -550.906

Type  : Slow 1200mV 0C Model Setup 'mz80k_top:mz80k_top|CLK_31250'
Slack : -6.055
TNS   : -101.552

Type  : Slow 1200mV 0C Model Setup 'mz80k_top:mz80k_top|i8253:i8253_1|signal1'
Slack : -4.189
TNS   : -65.009

Type  : Slow 1200mV 0C Model Setup 'mz80k_top:mz80k_top|vga:vga1|counter[0]'
Slack : -1.811
TNS   : -32.260

Type  : Slow 1200mV 0C Model Hold 'mz80k_top:mz80k_top|clk_count[2]'
Slack : -0.741
TNS   : -2.003

Type  : Slow 1200mV 0C Model Hold 'pll|altpll_component|auto_generated|pll1|clk[0]'
Slack : -0.535
TNS   : -1.806

Type  : Slow 1200mV 0C Model Hold 'mz80k_top:mz80k_top|CLK_31250'
Slack : 0.024
TNS   : 0.000

Type  : Slow 1200mV 0C Model Hold 'SPI_SCK'
Slack : 0.402
TNS   : 0.000

Type  : Slow 1200mV 0C Model Hold 'mz80k_top:mz80k_top|CLK_2M'
Slack : 0.403
TNS   : 0.000

Type  : Slow 1200mV 0C Model Hold 'mz80k_top:mz80k_top|i8253:i8253_1|signal1'
Slack : 0.615
TNS   : 0.000

Type  : Slow 1200mV 0C Model Hold 'mz80k_top:mz80k_top|vga:vga1|counter[0]'
Slack : 0.658
TNS   : 0.000

Type  : Slow 1200mV 0C Model Recovery 'mz80k_top:mz80k_top|clk_count[2]'
Slack : -2.150
TNS   : -148.220

Type  : Slow 1200mV 0C Model Recovery 'pll|altpll_component|auto_generated|pll1|clk[0]'
Slack : 14.497
TNS   : 0.000

Type  : Slow 1200mV 0C Model Removal 'mz80k_top:mz80k_top|clk_count[2]'
Slack : 0.319
TNS   : 0.000

Type  : Slow 1200mV 0C Model Removal 'pll|altpll_component|auto_generated|pll1|clk[0]'
Slack : 4.316
TNS   : 0.000

Type  : Slow 1200mV 0C Model Minimum Pulse Width 'SPI_SCK'
Slack : -3.201
TNS   : -217.003

Type  : Slow 1200mV 0C Model Minimum Pulse Width 'mz80k_top:mz80k_top|clk_count[2]'
Slack : -1.487
TNS   : -486.596

Type  : Slow 1200mV 0C Model Minimum Pulse Width 'mz80k_top:mz80k_top|vga:vga1|counter[0]'
Slack : -1.487
TNS   : -29.740

Type  : Slow 1200mV 0C Model Minimum Pulse Width 'mz80k_top:mz80k_top|CLK_2M'
Slack : -1.487
TNS   : -25.279

Type  : Slow 1200mV 0C Model Minimum Pulse Width 'mz80k_top:mz80k_top|CLK_31250'
Slack : -1.487
TNS   : -25.279

Type  : Slow 1200mV 0C Model Minimum Pulse Width 'mz80k_top:mz80k_top|i8253:i8253_1|signal1'
Slack : -1.487
TNS   : -23.792

Type  : Slow 1200mV 0C Model Minimum Pulse Width 'pll|altpll_component|auto_generated|pll1|clk[0]'
Slack : 9.638
TNS   : 0.000

Type  : Slow 1200mV 0C Model Minimum Pulse Width 'CLOCK_27'
Slack : 18.351
TNS   : 0.000

Type  : Fast 1200mV 0C Model Setup 'mz80k_top:mz80k_top|clk_count[2]'
Slack : -14.921
TNS   : -4020.444

Type  : Fast 1200mV 0C Model Setup 'pll|altpll_component|auto_generated|pll1|clk[0]'
Slack : -14.623
TNS   : -1714.893

Type  : Fast 1200mV 0C Model Setup 'mz80k_top:mz80k_top|CLK_2M'
Slack : -2.558
TNS   : -41.495

Type  : Fast 1200mV 0C Model Setup 'SPI_SCK'
Slack : -2.408
TNS   : -184.558

Type  : Fast 1200mV 0C Model Setup 'mz80k_top:mz80k_top|CLK_31250'
Slack : -2.296
TNS   : -38.342

Type  : Fast 1200mV 0C Model Setup 'mz80k_top:mz80k_top|i8253:i8253_1|signal1'
Slack : -1.305
TNS   : -20.020

Type  : Fast 1200mV 0C Model Setup 'mz80k_top:mz80k_top|vga:vga1|counter[0]'
Slack : -0.305
TNS   : -4.130

Type  : Fast 1200mV 0C Model Hold 'mz80k_top:mz80k_top|clk_count[2]'
Slack : -0.646
TNS   : -4.158

Type  : Fast 1200mV 0C Model Hold 'mz80k_top:mz80k_top|CLK_31250'
Slack : -0.187
TNS   : -0.187

Type  : Fast 1200mV 0C Model Hold 'pll|altpll_component|auto_generated|pll1|clk[0]'
Slack : -0.063
TNS   : -0.175

Type  : Fast 1200mV 0C Model Hold 'SPI_SCK'
Slack : 0.147
TNS   : 0.000

Type  : Fast 1200mV 0C Model Hold 'mz80k_top:mz80k_top|CLK_2M'
Slack : 0.187
TNS   : 0.000

Type  : Fast 1200mV 0C Model Hold 'mz80k_top:mz80k_top|i8253:i8253_1|signal1'
Slack : 0.275
TNS   : 0.000

Type  : Fast 1200mV 0C Model Hold 'mz80k_top:mz80k_top|vga:vga1|counter[0]'
Slack : 0.280
TNS   : 0.000

Type  : Fast 1200mV 0C Model Recovery 'mz80k_top:mz80k_top|clk_count[2]'
Slack : -0.886
TNS   : -60.997

Type  : Fast 1200mV 0C Model Recovery 'pll|altpll_component|auto_generated|pll1|clk[0]'
Slack : 17.326
TNS   : 0.000

Type  : Fast 1200mV 0C Model Removal 'mz80k_top:mz80k_top|clk_count[2]'
Slack : -0.025
TNS   : -1.350

Type  : Fast 1200mV 0C Model Removal 'pll|altpll_component|auto_generated|pll1|clk[0]'
Slack : 2.184
TNS   : 0.000

Type  : Fast 1200mV 0C Model Minimum Pulse Width 'SPI_SCK'
Slack : -3.000
TNS   : -181.072

Type  : Fast 1200mV 0C Model Minimum Pulse Width 'mz80k_top:mz80k_top|clk_count[2]'
Slack : -1.000
TNS   : -327.000

Type  : Fast 1200mV 0C Model Minimum Pulse Width 'mz80k_top:mz80k_top|vga:vga1|counter[0]'
Slack : -1.000
TNS   : -20.000

Type  : Fast 1200mV 0C Model Minimum Pulse Width 'mz80k_top:mz80k_top|CLK_2M'
Slack : -1.000
TNS   : -17.000

Type  : Fast 1200mV 0C Model Minimum Pulse Width 'mz80k_top:mz80k_top|CLK_31250'
Slack : -1.000
TNS   : -17.000

Type  : Fast 1200mV 0C Model Minimum Pulse Width 'mz80k_top:mz80k_top|i8253:i8253_1|signal1'
Slack : -1.000
TNS   : -16.000

Type  : Fast 1200mV 0C Model Minimum Pulse Width 'pll|altpll_component|auto_generated|pll1|clk[0]'
Slack : 9.746
TNS   : 0.000

Type  : Fast 1200mV 0C Model Minimum Pulse Width 'CLOCK_27'
Slack : 17.928
TNS   : 0.000

------------------------------------------------------------
